balanced | id=softmax+tanl | s0 places: 21.26 (TANL 20.67) [19s]
balanced | id=softmax+tanl | s0 textures_all: 14.53 (TANL 15.13) [15s]
balanced | id=softmax+tanl | s0 sun: 3.55 (TANL 3.60) [17s]
balanced | id=softmax+tanl | s0 ninco: 51.23 (TANL 57.01) [14s]
balanced | id=softmax+tanl | s0 textures: 9.27 (TANL 11.35) [13s]
balanced | id=softmax+tanl | s0 openimage_o: 34.31 (TANL 39.22) [17s]
balanced | id=tanl | s0 places: 20.85 (TANL 20.67) [14s]
balanced | id=tanl | s0 textures_all: 13.66 (TANL 15.13) [13s]
balanced | id=tanl | s0 sun: 3.28 (TANL 3.60) [14s]
balanced | id=tanl | s0 ninco: 53.46 (TANL 57.01) [12s]
balanced | id=tanl | s0 textures: 8.97 (TANL 11.35) [12s]
balanced | id=tanl | s0 openimage_o: 37.10 (TANL 39.22) [15s]
balanced | classcal5 | s0 places: 21.01 (TANL 20.67) [15s]
balanced | classcal5 | s0 textures_all: 15.57 (TANL 15.13) [13s]
balanced | classcal5 | s0 sun: 3.88 (TANL 3.60) [15s]
balanced | classcal5 | s0 ninco: 52.28 (TANL 57.01) [12s]
balanced | classcal5 | s0 textures: 10.78 (TANL 11.35) [12s]
balanced | classcal5 | s0 openimage_o: 35.32 (TANL 39.22) [14s]
balanced | proto=vote, id=softmax+tanl, classcal5 | s0 places: 20.82 (TANL 20.67) [14s]
balanced | proto=vote, id=softmax+tanl, classcal5 | s0 textures_all: 14.04 (TANL 15.13) [13s]
balanced | proto=vote, id=softmax+tanl, classcal5 | s0 sun: 3.55 (TANL 3.60) [14s]
balanced | proto=vote, id=softmax+tanl, classcal5 | s0 ninco: 53.53 (TANL 57.01) [12s]
balanced | proto=vote, id=softmax+tanl, classcal5 | s0 textures: 9.14 (TANL 11.35) [11s]
balanced | proto=vote, id=softmax+tanl, classcal5 | s0 openimage_o: 37.14 (TANL 39.22) [14s]
balanced | k_vis8 | s0 places: 20.50 (TANL 20.67) [13s]
balanced | k_vis8 | s0 textures_all: 14.71 (TANL 15.13) [12s]
balanced | k_vis8 | s0 sun: 3.39 (TANL 3.60) [12s]
balanced | k_vis8 | s0 ninco: 53.46 (TANL 57.01) [11s]
balanced | k_vis8 | s0 textures: 10.93 (TANL 11.35) [11s]
balanced | k_vis8 | s0 openimage_o: 38.06 (TANL 39.22) [13s]
max | id=softmax+tanl | s0 places: 23.93 (TANL 20.67) [29s]
max | id=softmax+tanl | s0 textures_all: 14.84 (TANL 15.13) [24s]
max | id=softmax+tanl | s0 sun: 4.27 (TANL 3.60) [26s]
max | id=softmax+tanl | s0 ninco: 45.49 (TANL 57.01) [22s]
max | id=softmax+tanl | s0 textures: 9.76 (TANL 11.35) [22s]
max | id=softmax+tanl | s0 openimage_o: 28.76 (TANL 39.22) [27s]
max | proto=vote, id=softmax+tanl | s0 places: 23.81 (TANL 20.67) [24s]
max | proto=vote, id=softmax+tanl | s0 textures_all: 14.53 (TANL 15.13) [24s]
max | proto=vote, id=softmax+tanl | s0 sun: 4.16 (TANL 3.60) [24s]
max | proto=vote, id=softmax+tanl | s0 ninco: 46.99 (TANL 57.01) [22s]
max | proto=vote, id=softmax+tanl | s0 textures: 9.54 (TANL 11.35) [21s]
max | proto=vote, id=softmax+tanl | s0 openimage_o: 29.11 (TANL 39.22) [28s]
safe | id=softmax+tanl | s0 places: 20.69 (TANL 20.67) [24s]
safe | id=softmax+tanl | s0 textures_all: 15.47 (TANL 15.13) [21s]
safe | id=softmax+tanl | s0 sun: 3.41 (TANL 3.60) [22s]
safe | id=softmax+tanl | s0 ninco: 54.87 (TANL 57.01) [19s]
safe | id=softmax+tanl | s0 textures: 11.34 (TANL 11.35) [18s]
safe | id=softmax+tanl | s0 openimage_o: 37.67 (TANL 39.22) [23s]
safe | proto=vote, id=softmax+tanl | s0 places: 20.53 (TANL 20.67) [21s]
safe | proto=vote, id=softmax+tanl | s0 textures_all: 15.41 (TANL 15.13) [20s]
safe | proto=vote, id=softmax+tanl | s0 sun: 3.41 (TANL 3.60) [20s]
safe | proto=vote, id=softmax+tanl | s0 ninco: 54.97 (TANL 57.01) [19s]
safe | proto=vote, id=softmax+tanl | s0 textures: 11.33 (TANL 11.35) [18s]
safe | proto=vote, id=softmax+tanl | s0 openimage_o: 38.30 (TANL 39.22) [22s]
PLAN2_DONE
