balanced | id=softmax+tanl, excl penalised | s0 places: 21.65 (TANL 20.67) [18s]
balanced | id=softmax+tanl, excl penalised | s0 textures_all: 16.07 (TANL 15.13) [16s]
balanced | id=softmax+tanl, excl penalised | s0 sun: 3.94 (TANL 3.60) [16s]
balanced | id=softmax+tanl, excl penalised | s0 ninco: 48.69 (TANL 57.01) [14s]
balanced | id=softmax+tanl, excl penalised | s0 textures: 11.49 (TANL 11.35) [13s]
balanced | id=softmax+tanl, excl penalised | s0 openimage_o: 33.64 (TANL 39.22) [17s]
max | id=softmax+tanl, excl penalised | s0 places: 23.55 (TANL 20.67) [35s]
max | id=softmax+tanl, excl penalised | s0 textures_all: 15.24 (TANL 15.13) [27s]
max | id=softmax+tanl, excl penalised | s0 sun: 4.51 (TANL 3.60) [29s]
max | id=softmax+tanl, excl penalised | s0 ninco: 42.29 (TANL 57.01) [24s]
max | id=softmax+tanl, excl penalised | s0 textures: 11.48 (TANL 11.35) [23s]
max | id=softmax+tanl, excl penalised | s0 openimage_o: 29.71 (TANL 39.22) [30s]
balanced | id=softmax+tanl, excl near-caught 0.01 | s0 places: 24.65 (TANL 20.67) [23s]
balanced | id=softmax+tanl, excl near-caught 0.01 | s0 textures_all: 14.71 (TANL 15.13) [19s]
balanced | id=softmax+tanl, excl near-caught 0.01 | s0 sun: 5.20 (TANL 3.60) [21s]
balanced | id=softmax+tanl, excl near-caught 0.01 | s0 ninco: 45.82 (TANL 57.01) [18s]
balanced | id=softmax+tanl, excl near-caught 0.01 | s0 textures: 12.76 (TANL 11.35) [17s]
balanced | id=softmax+tanl, excl near-caught 0.01 | s0 openimage_o: 33.19 (TANL 39.22) [23s]
max | id=softmax+tanl, excl caught | s0 places: 26.14 (TANL 20.67) [33s]
max | id=softmax+tanl, excl caught | s0 textures_all: 15.01 (TANL 15.13) [30s]
max | id=softmax+tanl, excl caught | s0 sun: 4.99 (TANL 3.60) [34s]
max | id=softmax+tanl, excl caught | s0 ninco: 40.38 (TANL 57.01) [28s]
max | id=softmax+tanl, excl caught | s0 textures: 11.56 (TANL 11.35) [28s]
max | id=softmax+tanl, excl caught | s0 openimage_o: 29.68 (TANL 39.22) [33s]
PLAN9_DONE
