max | id=softmax+tanl, blind | s0 inaturalist: 0.26 (TANL 0.48) [33s]
max | id=softmax+tanl, blind | s0 sun: 4.25 (TANL 3.60) [42s]
max | id=softmax+tanl, blind | s0 places: 23.95 (TANL 20.67) [27s]
max | id=softmax+tanl, blind | s0 textures_all: 14.55 (TANL 15.13) [27s]
max | id=softmax+tanl, blind | s0 ssb_hard: 59.86 (TANL 62.52) [45s]
max | id=softmax+tanl, blind | s0 ninco: 46.46 (TANL 57.01) [23s]
max | id=softmax+tanl, blind | s0 inaturalist: 0.24 (TANL 0.45) [24s]
max | id=softmax+tanl, blind | s0 textures: 9.68 (TANL 11.35) [22s]
max | id=softmax+tanl, blind | s0 openimage_o: 28.67 (TANL 39.22) [28s]
max | id=softmax+tanl, blind | s1 inaturalist: 0.27 (TANL 0.46) [26s]
max | id=softmax+tanl, blind | s1 sun: 3.88 (TANL 3.62) [26s]
max | id=softmax+tanl, blind | s1 places: 24.25 (TANL 20.95) [27s]
max | id=softmax+tanl, blind | s1 textures_all: 14.41 (TANL 14.14) [25s]
max | id=softmax+tanl, blind | s1 ssb_hard: 59.52 (TANL 62.41) [43s]
max | id=softmax+tanl, blind | s1 ninco: 46.22 (TANL 57.15) [21s]
max | id=softmax+tanl, blind | s1 inaturalist: 0.25 (TANL 0.44) [24s]
max | id=softmax+tanl, blind | s1 textures: 9.49 (TANL 11.73) [22s]
max | id=softmax+tanl, blind | s1 openimage_o: 28.20 (TANL 39.17) [28s]
max | id=softmax+tanl, blind | s2 inaturalist: 0.23 (TANL 0.43) [28s]
max | id=softmax+tanl, blind | s2 sun: 3.92 (TANL 3.88) [27s]
max | id=softmax+tanl, blind | s2 places: 24.24 (TANL 21.65) [27s]
max | id=softmax+tanl, blind | s2 textures_all: 13.49 (TANL 14.74) [24s]
max | id=softmax+tanl, blind | s2 ssb_hard: 59.34 (TANL 62.75) [44s]
max | id=softmax+tanl, blind | s2 ninco: 46.59 (TANL 58.00) [22s]
max | id=softmax+tanl, blind | s2 inaturalist: 0.28 (TANL 0.48) [23s]
max | id=softmax+tanl, blind | s2 textures: 9.15 (TANL 11.49) [21s]
max | id=softmax+tanl, blind | s2 openimage_o: 28.22 (TANL 38.80) [28s]
safe | id=softmax+tanl, blind | s0 inaturalist: 0.31 (TANL 0.48) [21s]
safe | id=softmax+tanl, blind | s0 sun: 3.41 (TANL 3.60) [21s]
safe | id=softmax+tanl, blind | s0 places: 20.67 (TANL 20.67) [21s]
safe | id=softmax+tanl, blind | s0 textures_all: 15.45 (TANL 15.13) [19s]
safe | id=softmax+tanl, blind | s0 ssb_hard: 62.36 (TANL 62.52) [34s]
safe | id=softmax+tanl, blind | s0 ninco: 55.10 (TANL 57.01) [18s]
safe | id=softmax+tanl, blind | s0 inaturalist: 0.25 (TANL 0.45) [19s]
safe | id=softmax+tanl, blind | s0 textures: 11.38 (TANL 11.35) [19s]
safe | id=softmax+tanl, blind | s0 openimage_o: 37.73 (TANL 39.22) [22s]
safe | id=softmax+tanl, blind | s1 inaturalist: 0.29 (TANL 0.46) [23s]
safe | id=softmax+tanl, blind | s1 sun: 3.40 (TANL 3.62) [23s]
safe | id=softmax+tanl, blind | s1 places: 21.40 (TANL 20.95) [24s]
safe | id=softmax+tanl, blind | s1 textures_all: 14.52 (TANL 14.14) [21s]
safe | id=softmax+tanl, blind | s1 ssb_hard: 62.35 (TANL 62.41) [35s]
safe | id=softmax+tanl, blind | s1 ninco: 54.32 (TANL 57.15) [18s]
safe | id=softmax+tanl, blind | s1 inaturalist: 0.26 (TANL 0.44) [19s]
safe | id=softmax+tanl, blind | s1 textures: 11.32 (TANL 11.73) [18s]
safe | id=softmax+tanl, blind | s1 openimage_o: 37.26 (TANL 39.17) [23s]
safe | id=softmax+tanl, blind | s2 inaturalist: 0.25 (TANL 0.43) [21s]
safe | id=softmax+tanl, blind | s2 sun: 3.60 (TANL 3.88) [21s]
safe | id=softmax+tanl, blind | s2 places: 21.65 (TANL 21.65) [22s]
safe | id=softmax+tanl, blind | s2 textures_all: 14.55 (TANL 14.74) [20s]
safe | id=softmax+tanl, blind | s2 ssb_hard: 62.60 (TANL 62.75) [34s]
safe | id=softmax+tanl, blind | s2 ninco: 52.99 (TANL 58.00) [17s]
safe | id=softmax+tanl, blind | s2 inaturalist: 0.32 (TANL 0.48) [19s]
safe | id=softmax+tanl, blind | s2 textures: 11.25 (TANL 11.49) [19s]
safe | id=softmax+tanl, blind | s2 openimage_o: 37.18 (TANL 38.80) [23s]
