balanced | baseline | s0 places: 21.39 (TANL 20.67) [19s]
balanced | baseline | s0 textures_all: 15.57 (TANL 15.13) [16s]
balanced | baseline | s0 sun: 3.97 (TANL 3.60) [17s]
balanced | baseline | s0 ninco: 51.01 (TANL 57.01) [15s]
balanced | baseline | s0 textures: 11.13 (TANL 11.35) [14s]
balanced | baseline | s0 openimage_o: 34.47 (TANL 39.22) [15s]
balanced | proto=vote | s0 places: 21.09 (TANL 20.67) [15s]
balanced | proto=vote | s0 textures_all: 15.34 (TANL 15.13) [14s]
balanced | proto=vote | s0 sun: 3.96 (TANL 3.60) [14s]
balanced | proto=vote | s0 ninco: 52.52 (TANL 57.01) [13s]
balanced | proto=vote | s0 textures: 10.93 (TANL 11.35) [36s]
balanced | proto=vote | s0 openimage_o: 36.60 (TANL 39.22) [14s]
balanced | proto=vote, id=softmax+tanl | s0 places: 20.96 (TANL 20.67) [15s]
balanced | proto=vote, id=softmax+tanl | s0 textures_all: 14.12 (TANL 15.13) [14s]
balanced | proto=vote, id=softmax+tanl | s0 sun: 3.48 (TANL 3.60) [21s]
balanced | proto=vote, id=softmax+tanl | s0 ninco: 52.64 (TANL 57.01) [12s]
balanced | proto=vote, id=softmax+tanl | s0 textures: 9.21 (TANL 11.35) [11s]
balanced | proto=vote, id=softmax+tanl | s0 openimage_o: 36.62 (TANL 39.22) [14s]
balanced | center | s0 places: 23.32 (TANL 20.67) [23s]
balanced | center | s0 textures_all: 19.16 (TANL 15.13) [20s]
balanced | center | s0 sun: 7.08 (TANL 3.60) [21s]
balanced | center | s0 ninco: 48.33 (TANL 57.01) [18s]
balanced | center | s0 textures: 14.22 (TANL 11.35) [17s]
balanced | center | s0 openimage_o: 31.21 (TANL 39.22) [24s]
balanced | softcatch | s0 places: 20.80 (TANL 20.67) [22s]
balanced | softcatch | s0 textures_all: 15.48 (TANL 15.13) [20s]
balanced | softcatch | s0 sun: 3.49 (TANL 3.60) [43s]
balanced | softcatch | s0 ninco: 54.91 (TANL 57.01) [129s]
balanced | softcatch | s0 textures: 11.34 (TANL 11.35) [128s]
balanced | softcatch | s0 openimage_o: 37.73 (TANL 39.22) [149s]
max | proto=vote | s0 places: 24.49 (TANL 20.67) [161s]
max | proto=vote | s0 textures_all: 17.95 (TANL 15.13) [165s]
max | proto=vote | s0 sun: 5.52 (TANL 3.60) [176s]
max | proto=vote | s0 ninco: 45.89 (TANL 57.01) [151s]
max | proto=vote | s0 textures: 12.75 (TANL 11.35) [151s]
max | proto=vote | s0 openimage_o: 29.14 (TANL 39.22) [65s]
safe | proto=vote | s0 places: 20.63 (TANL 20.67) [21s]
safe | proto=vote | s0 textures_all: 15.40 (TANL 15.13) [20s]
safe | proto=vote | s0 sun: 3.52 (TANL 3.60) [20s]
safe | proto=vote | s0 ninco: 55.00 (TANL 57.01) [17s]
safe | proto=vote | s0 textures: 11.50 (TANL 11.35) [17s]
safe | proto=vote | s0 openimage_o: 38.43 (TANL 39.22) [20s]
