balanced | id=softmax+tanl+imgagree | s0 places: 22.05 (TANL 20.67) [21s]
balanced | id=softmax+tanl+imgagree | s0 textures_all: 14.79 (TANL 15.13) [33s]
balanced | id=softmax+tanl+imgagree | s0 sun: 4.13 (TANL 3.60) [18s]
balanced | id=softmax+tanl+imgagree | s0 ninco: 52.35 (TANL 57.01) [14s]
balanced | id=softmax+tanl+imgagree | s0 textures: 10.05 (TANL 11.35) [16s]
balanced | id=softmax+tanl+imgagree | s0 openimage_o: 32.66 (TANL 39.22) [18s]
balanced | id=softmax+tanl, exclude KG-admitted | s0 places: 21.31 (TANL 20.67) [14s]
balanced | id=softmax+tanl, exclude KG-admitted | s0 textures_all: 14.69 (TANL 15.13) [14s]
balanced | id=softmax+tanl, exclude KG-admitted | s0 sun: 3.58 (TANL 3.60) [16s]
balanced | id=softmax+tanl, exclude KG-admitted | s0 ninco: 50.89 (TANL 57.01) [13s]
balanced | id=softmax+tanl, exclude KG-admitted | s0 textures: 9.42 (TANL 11.35) [13s]
balanced | id=softmax+tanl, exclude KG-admitted | s0 openimage_o: 34.26 (TANL 39.22) [16s]
balanced | id=softmax+tanl, exclude KG-caught | s0 places: 23.14 (TANL 20.67) [16s]
balanced | id=softmax+tanl, exclude KG-caught | s0 textures_all: 14.16 (TANL 15.13) [14s]
balanced | id=softmax+tanl, exclude KG-caught | s0 sun: 4.33 (TANL 3.60) [15s]
balanced | id=softmax+tanl, exclude KG-caught | s0 ninco: 46.14 (TANL 57.01) [13s]
balanced | id=softmax+tanl, exclude KG-caught | s0 textures: 10.91 (TANL 11.35) [12s]
balanced | id=softmax+tanl, exclude KG-caught | s0 openimage_o: 33.23 (TANL 39.22) [15s]
balanced | id=softmax0.7+tanl | s0 places: 21.73 (TANL 20.67) [15s]
balanced | id=softmax0.7+tanl | s0 textures_all: 14.96 (TANL 15.13) [13s]
balanced | id=softmax0.7+tanl | s0 sun: 4.04 (TANL 3.60) [15s]
balanced | id=softmax0.7+tanl | s0 ninco: 49.10 (TANL 57.01) [12s]
balanced | id=softmax0.7+tanl | s0 textures: 10.42 (TANL 11.35) [13s]
balanced | id=softmax0.7+tanl | s0 openimage_o: 33.21 (TANL 39.22) [15s]
max | id=softmax+tanl+imgagree | s0 places: 25.22 (TANL 20.67) [33s]
max | id=softmax+tanl+imgagree | s0 textures_all: 14.74 (TANL 15.13) [26s]
max | id=softmax+tanl+imgagree | s0 sun: 5.10 (TANL 3.60) [26s]
max | id=softmax+tanl+imgagree | s0 ninco: 49.54 (TANL 57.01) [23s]
max | id=softmax+tanl+imgagree | s0 textures: 10.34 (TANL 11.35) [22s]
max | id=softmax+tanl+imgagree | s0 openimage_o: 29.24 (TANL 39.22) [30s]
PLAN5_DONE
