balanced | id=softmax+tanl | s0 inaturalist: 0.23 (TANL 0.48) [18s]
balanced | id=softmax+tanl | s0 ssb_hard: 62.12 (TANL 62.52) [26s]
balanced | id=softmax+tanl | s0 inaturalist: 0.19 (TANL 0.45) [15s]
balanced | id=softmax+tanl | s1 inaturalist: 0.23 (TANL 0.46) [18s]
balanced | id=softmax+tanl | s1 sun: 3.41 (TANL 3.62) [16s]
balanced | id=softmax+tanl | s1 places: 21.48 (TANL 20.95) [16s]
balanced | id=softmax+tanl | s1 textures_all: 13.41 (TANL 14.14) [16s]
balanced | id=softmax+tanl | s1 ssb_hard: 61.97 (TANL 62.41) [28s]
balanced | id=softmax+tanl | s1 ninco: 50.56 (TANL 57.15) [13s]
balanced | id=softmax+tanl | s1 inaturalist: 0.18 (TANL 0.44) [15s]
balanced | id=softmax+tanl | s1 textures: 9.42 (TANL 11.73) [13s]
balanced | id=softmax+tanl | s1 openimage_o: 33.89 (TANL 39.17) [15s]
balanced | id=softmax+tanl | s2 inaturalist: 0.17 (TANL 0.43) [17s]
balanced | id=softmax+tanl | s2 sun: 3.40 (TANL 3.88) [17s]
balanced | id=softmax+tanl | s2 places: 21.71 (TANL 21.65) [16s]
balanced | id=softmax+tanl | s2 textures_all: 12.77 (TANL 14.74) [16s]
balanced | id=softmax+tanl | s2 ssb_hard: 62.25 (TANL 62.75) [27s]
balanced | id=softmax+tanl | s2 ninco: 49.83 (TANL 58.00) [14s]
balanced | id=softmax+tanl | s2 inaturalist: 0.24 (TANL 0.48) [16s]
balanced | id=softmax+tanl | s2 textures: 9.61 (TANL 11.49) [14s]
balanced | id=softmax+tanl | s2 openimage_o: 33.99 (TANL 38.80) [16s]
safe | id=softmax+tanl | s0 inaturalist: 0.31 (TANL 0.48) [22s]
safe | id=softmax+tanl | s0 ssb_hard: 62.31 (TANL 62.52) [35s]
safe | id=softmax+tanl | s0 inaturalist: 0.25 (TANL 0.45) [21s]
safe | id=softmax+tanl | s1 inaturalist: 0.29 (TANL 0.46) [22s]
safe | id=softmax+tanl | s1 sun: 3.44 (TANL 3.62) [22s]
safe | id=softmax+tanl | s1 places: 21.34 (TANL 20.95) [21s]
safe | id=softmax+tanl | s1 textures_all: 14.55 (TANL 14.14) [19s]
safe | id=softmax+tanl | s1 ssb_hard: 62.31 (TANL 62.41) [36s]
safe | id=softmax+tanl | s1 ninco: 54.16 (TANL 57.15) [18s]
safe | id=softmax+tanl | s1 inaturalist: 0.26 (TANL 0.44) [20s]
safe | id=softmax+tanl | s1 textures: 11.36 (TANL 11.73) [19s]
safe | id=softmax+tanl | s1 openimage_o: 37.17 (TANL 39.17) [22s]
safe | id=softmax+tanl | s2 inaturalist: 0.25 (TANL 0.43) [22s]
safe | id=softmax+tanl | s2 sun: 3.64 (TANL 3.88) [21s]
safe | id=softmax+tanl | s2 places: 21.77 (TANL 21.65) [21s]
safe | id=softmax+tanl | s2 textures_all: 14.56 (TANL 14.74) [20s]
safe | id=softmax+tanl | s2 ssb_hard: 62.56 (TANL 62.75) [37s]
safe | id=softmax+tanl | s2 ninco: 52.88 (TANL 58.00) [18s]
safe | id=softmax+tanl | s2 inaturalist: 0.31 (TANL 0.48) [19s]
safe | id=softmax+tanl | s2 textures: 11.34 (TANL 11.49) [18s]
safe | id=softmax+tanl | s2 openimage_o: 37.15 (TANL 38.80) [22s]
max | id=softmax+tanl | s0 inaturalist: 0.27 (TANL 0.48) [33s]
max | id=softmax+tanl | s0 ssb_hard: 57.26 (TANL 62.52) [44s]
max | id=softmax+tanl | s0 inaturalist: 0.25 (TANL 0.45) [28s]
max | id=softmax+tanl | s1 inaturalist: 0.27 (TANL 0.46) [26s]
max | id=softmax+tanl | s1 sun: 3.88 (TANL 3.62) [32s]
max | id=softmax+tanl | s1 places: 23.99 (TANL 20.95) [26s]
max | id=softmax+tanl | s1 textures_all: 14.31 (TANL 14.14) [28s]
max | id=softmax+tanl | s1 ssb_hard: 57.13 (TANL 62.41) [43s]
max | id=softmax+tanl | s1 ninco: 45.97 (TANL 57.15) [29s]
max | id=softmax+tanl | s1 inaturalist: 0.24 (TANL 0.44) [25s]
max | id=softmax+tanl | s1 textures: 9.63 (TANL 11.73) [27s]
max | id=softmax+tanl | s1 openimage_o: 28.30 (TANL 39.17) [28s]
max | id=softmax+tanl | s2 inaturalist: 0.23 (TANL 0.43) [36s]
max | id=softmax+tanl | s2 sun: 3.93 (TANL 3.88) [27s]
max | id=softmax+tanl | s2 places: 24.37 (TANL 21.65) [36s]
max | id=softmax+tanl | s2 textures_all: 13.55 (TANL 14.74) [25s]
max | id=softmax+tanl | s2 ssb_hard: 56.89 (TANL 62.75) [43s]
max | id=softmax+tanl | s2 ninco: 45.74 (TANL 58.00) [27s]
max | id=softmax+tanl | s2 inaturalist: 0.28 (TANL 0.48) [25s]
max | id=softmax+tanl | s2 textures: 9.33 (TANL 11.49) [25s]
max | id=softmax+tanl | s2 openimage_o: 28.22 (TANL 38.80) [27s]
balanced | id=tanl | s0 inaturalist: 0.23 (TANL 0.48) [15s]
balanced | id=tanl | s0 ssb_hard: 62.11 (TANL 62.52) [24s]
balanced | id=tanl | s0 inaturalist: 0.19 (TANL 0.45) [13s]
balanced | id=tanl | s1 inaturalist: 0.25 (TANL 0.46) [15s]
balanced | id=tanl | s1 sun: 3.14 (TANL 3.62) [14s]
balanced | id=tanl | s1 places: 20.88 (TANL 20.95) [15s]
balanced | id=tanl | s1 textures_all: 12.52 (TANL 14.14) [14s]
balanced | id=tanl | s1 ssb_hard: 62.14 (TANL 62.41) [24s]
balanced | id=tanl | s1 ninco: 52.45 (TANL 57.15) [12s]
balanced | id=tanl | s1 inaturalist: 0.18 (TANL 0.44) [13s]
balanced | id=tanl | s1 textures: 9.32 (TANL 11.73) [13s]
balanced | id=tanl | s1 openimage_o: 36.60 (TANL 39.17) [15s]
balanced | id=tanl | s2 inaturalist: 0.17 (TANL 0.43) [15s]
balanced | id=tanl | s2 sun: 3.11 (TANL 3.88) [15s]
balanced | id=tanl | s2 places: 21.14 (TANL 21.65) [16s]
balanced | id=tanl | s2 textures_all: 12.21 (TANL 14.74) [13s]
balanced | id=tanl | s2 ssb_hard: 62.30 (TANL 62.75) [25s]
balanced | id=tanl | s2 ninco: 51.41 (TANL 58.00) [13s]
balanced | id=tanl | s2 inaturalist: 0.26 (TANL 0.48) [13s]
balanced | id=tanl | s2 textures: 8.85 (TANL 11.49) [12s]
balanced | id=tanl | s2 openimage_o: 36.19 (TANL 38.80) [15s]
balanced | id=softmax+tanl, blind | s0 inaturalist: 0.23 (TANL 0.48) [17s]
balanced | id=softmax+tanl, blind | s0 sun: 3.53 (TANL 3.60) [14s]
balanced | id=softmax+tanl, blind | s0 places: 21.18 (TANL 20.67) [16s]
balanced | id=softmax+tanl, blind | s0 textures_all: 14.21 (TANL 15.13) [13s]
balanced | id=softmax+tanl, blind | s0 ssb_hard: 62.31 (TANL 62.52) [23s]
balanced | id=softmax+tanl, blind | s0 ninco: 51.77 (TANL 57.01) [13s]
balanced | id=softmax+tanl, blind | s0 inaturalist: 0.18 (TANL 0.45) [14s]
balanced | id=softmax+tanl, blind | s0 textures: 9.17 (TANL 11.35) [12s]
balanced | id=softmax+tanl, blind | s0 openimage_o: 34.33 (TANL 39.22) [15s]
balanced | id=softmax+tanl, blind | s1 inaturalist: 0.23 (TANL 0.46) [18s]
balanced | id=softmax+tanl, blind | s1 sun: 3.38 (TANL 3.62) [15s]
balanced | id=softmax+tanl, blind | s1 places: 21.37 (TANL 20.95) [17s]
balanced | id=softmax+tanl, blind | s1 textures_all: 13.37 (TANL 14.14) [13s]
balanced | id=softmax+tanl, blind | s1 ssb_hard: 62.26 (TANL 62.41) [24s]
balanced | id=softmax+tanl, blind | s1 ninco: 51.06 (TANL 57.15) [12s]
balanced | id=softmax+tanl, blind | s1 inaturalist: 0.18 (TANL 0.44) [14s]
balanced | id=softmax+tanl, blind | s1 textures: 9.31 (TANL 11.73) [12s]
balanced | id=softmax+tanl, blind | s1 openimage_o: 33.86 (TANL 39.17) [16s]
balanced | id=softmax+tanl, blind | s2 inaturalist: 0.17 (TANL 0.43) [17s]
balanced | id=softmax+tanl, blind | s2 sun: 3.36 (TANL 3.88) [14s]
balanced | id=softmax+tanl, blind | s2 places: 21.66 (TANL 21.65) [18s]
balanced | id=softmax+tanl, blind | s2 textures_all: 12.76 (TANL 14.74) [15s]
balanced | id=softmax+tanl, blind | s2 ssb_hard: 62.39 (TANL 62.75) [24s]
balanced | id=softmax+tanl, blind | s2 ninco: 50.24 (TANL 58.00) [12s]
balanced | id=softmax+tanl, blind | s2 inaturalist: 0.24 (TANL 0.48) [13s]
balanced | id=softmax+tanl, blind | s2 textures: 9.58 (TANL 11.49) [13s]
balanced | id=softmax+tanl, blind | s2 openimage_o: 34.20 (TANL 38.80) [16s]
PLAN3_DONE
