14526 KG names; 13878 in the blind pool; (14526, 512)
--- cell pool OK in 0s
[reneg_tanl/check_cpu] openood_v15:ninco seed=0  FPR95 6.67  AUROC 97.90  ACC 77.00  (102.9 img/s)
cpu {'fpr95': 6.667, 'auroc': 97.902, 'img_per_s': 102.9, 'minutes': 0.3}
[reneg_tanl/check_cpu] openood_v15:ninco seed=0  FPR95 6.67  AUROC 97.90  ACC 77.00  (87.6 img/s)
cpu {'fpr95': 6.667, 'auroc': 97.902, 'img_per_s': 87.6, 'minutes': 0.3}
ReNeg runs on: cpu (GPU and CPU agree)
estimate: 6 methods x 1 orders x 7,100 images at about 88 img/s = 0.1 hours at most
--- cell check OK in 38s
[tanl/tanl] openood_v15:ssb_hard seed=0  FPR95 64.50  AUROC 80.23  ACC 77.00  (121.1 img/s)
[tanl/tanl] openood_v15:ninco seed=0  FPR95 5.67  AUROC 98.45  ACC 77.00  (129.2 img/s)
[tanl/tanl] openood_v15:inaturalist seed=0  FPR95 6.67  AUROC 98.47  ACC 77.00  (122.1 img/s)
[tanl/tanl] openood_v15:textures seed=0  FPR95 3.00  AUROC 99.53  ACC 77.00  (135.1 img/s)
[tanl/tanl] openood_v15:openimage_o seed=0  FPR95 28.67  AUROC 91.58  ACC 77.00  (126.0 img/s)
tanl openood_v15: 0.8 min
[tanl/tanl] four_ood:inaturalist seed=0  FPR95 5.25  AUROC 99.05  ACC 66.62  (133.7 img/s)
[tanl/tanl] four_ood:sun seed=0  FPR95 14.50  AUROC 97.27  ACC 66.62  (158.1 img/s)
[tanl/tanl] four_ood:places seed=0  FPR95 25.87  AUROC 93.53  ACC 66.62  (128.8 img/s)
[tanl/tanl] four_ood:textures_all seed=0  FPR95 1.25  AUROC 99.75  ACC 66.62  (129.3 img/s)
tanl four_ood: 0.8 min
[reneg_tanl/reneg_balanced_blind] openood_v15:ssb_hard seed=0  FPR95 66.17  AUROC 83.34  ACC 77.00  (109.1 img/s)
[reneg_tanl/reneg_balanced_blind] openood_v15:ninco seed=0  FPR95 6.67  AUROC 97.91  ACC 77.00  (95.2 img/s)
[reneg_tanl/reneg_balanced_blind] openood_v15:inaturalist seed=0  FPR95 9.00  AUROC 97.98  ACC 77.00  (94.4 img/s)
[reneg_tanl/reneg_balanced_blind] openood_v15:textures seed=0  FPR95 4.50  AUROC 99.14  ACC 77.00  (90.1 img/s)
[reneg_tanl/reneg_balanced_blind] openood_v15:openimage_o seed=0  FPR95 27.33  AUROC 91.06  ACC 77.00  (101.1 img/s)
reneg_balanced_blind openood_v15: 1.0 min
[reneg_tanl/reneg_balanced_blind] four_ood:inaturalist seed=0  FPR95 5.00  AUROC 99.23  ACC 66.62  (104.8 img/s)
[reneg_tanl/reneg_balanced_blind] four_ood:sun seed=0  FPR95 14.75  AUROC 97.24  ACC 66.62  (109.8 img/s)
[reneg_tanl/reneg_balanced_blind] four_ood:places seed=0  FPR95 25.37  AUROC 93.83  ACC 66.62  (114.8 img/s)
[reneg_tanl/reneg_balanced_blind] four_ood:textures_all seed=0  FPR95 1.00  AUROC 99.79  ACC 66.62  (88.4 img/s)
reneg_balanced_blind four_ood: 1.0 min
[reneg_tanl/reneg_balanced_full] openood_v15:ssb_hard seed=0  FPR95 66.17  AUROC 83.41  ACC 77.00  (125.2 img/s)
[reneg_tanl/reneg_balanced_full] openood_v15:ninco seed=0  FPR95 6.67  AUROC 97.90  ACC 77.00  (105.2 img/s)
[reneg_tanl/reneg_balanced_full] openood_v15:inaturalist seed=0  FPR95 9.00  AUROC 97.95  ACC 77.00  (103.0 img/s)
[reneg_tanl/reneg_balanced_full] openood_v15:textures seed=0  FPR95 4.50  AUROC 99.14  ACC 77.00  (101.7 img/s)
[reneg_tanl/reneg_balanced_full] openood_v15:openimage_o seed=0  FPR95 27.50  AUROC 91.09  ACC 77.00  (101.1 img/s)
reneg_balanced_full openood_v15: 1.0 min
[reneg_tanl/reneg_balanced_full] four_ood:inaturalist seed=0  FPR95 5.00  AUROC 99.23  ACC 66.62  (96.7 img/s)
[reneg_tanl/reneg_balanced_full] four_ood:sun seed=0  FPR95 14.75  AUROC 97.24  ACC 66.62  (102.3 img/s)
[reneg_tanl/reneg_balanced_full] four_ood:places seed=0  FPR95 25.37  AUROC 93.83  ACC 66.62  (94.0 img/s)
[reneg_tanl/reneg_balanced_full] four_ood:textures_all seed=0  FPR95 1.00  AUROC 99.79  ACC 66.62  (104.9 img/s)
reneg_balanced_full four_ood: 1.0 min
[reneg_tanl/reneg_max_blind] openood_v15:ssb_hard seed=0  FPR95 63.00  AUROC 83.53  ACC 77.00  (89.0 img/s)
[reneg_tanl/reneg_max_blind] openood_v15:ninco seed=0  FPR95 8.00  AUROC 97.37  ACC 77.00  (92.3 img/s)
[reneg_tanl/reneg_max_blind] openood_v15:inaturalist seed=0  FPR95 9.67  AUROC 97.58  ACC 77.00  (125.6 img/s)
[reneg_tanl/reneg_max_blind] openood_v15:textures seed=0  FPR95 6.00  AUROC 98.78  ACC 77.00  (100.8 img/s)
[reneg_tanl/reneg_max_blind] openood_v15:openimage_o seed=0  FPR95 14.83  AUROC 94.57  ACC 77.00  (90.1 img/s)
reneg_max_blind openood_v15: 1.0 min
[reneg_tanl/reneg_max_blind] four_ood:inaturalist seed=0  FPR95 19.62  AUROC 96.64  ACC 66.62  (111.5 img/s)
[reneg_tanl/reneg_max_blind] four_ood:sun seed=0  FPR95 31.87  AUROC 92.45  ACC 66.62  (116.5 img/s)
[reneg_tanl/reneg_max_blind] four_ood:places seed=0  FPR95 39.50  AUROC 88.55  ACC 66.62  (123.3 img/s)
[reneg_tanl/reneg_max_blind] four_ood:textures_all seed=0  FPR95 15.75  AUROC 97.19  ACC 66.62  (117.4 img/s)
reneg_max_blind four_ood: 0.9 min
[reneg_tanl/reneg_max_full] openood_v15:ssb_hard seed=0  FPR95 63.17  AUROC 83.66  ACC 77.00  (90.7 img/s)
[reneg_tanl/reneg_max_full] openood_v15:ninco seed=0  FPR95 8.00  AUROC 97.37  ACC 77.00  (90.5 img/s)
[reneg_tanl/reneg_max_full] openood_v15:inaturalist seed=0  FPR95 9.67  AUROC 97.56  ACC 77.00  (97.5 img/s)
[reneg_tanl/reneg_max_full] openood_v15:textures seed=0  FPR95 6.00  AUROC 98.78  ACC 77.00  (143.9 img/s)
[reneg_tanl/reneg_max_full] openood_v15:openimage_o seed=0  FPR95 14.50  AUROC 94.55  ACC 77.00  (113.9 img/s)
reneg_max_full openood_v15: 1.0 min
[reneg_tanl/reneg_max_full] four_ood:inaturalist seed=0  FPR95 19.62  AUROC 96.64  ACC 66.62  (81.2 img/s)
[reneg_tanl/reneg_max_full] four_ood:sun seed=0  FPR95 31.87  AUROC 92.45  ACC 66.62  (123.4 img/s)
[reneg_tanl/reneg_max_full] four_ood:places seed=0  FPR95 39.50  AUROC 88.55  ACC 66.62  (98.9 img/s)
[reneg_tanl/reneg_max_full] four_ood:textures_all seed=0  FPR95 15.75  AUROC 97.19  ACC 66.62  (97.4 img/s)
reneg_max_full four_ood: 1.0 min
[reneg_tanl/reneg_safe_blind] openood_v15:ssb_hard seed=0  FPR95 66.00  AUROC 80.98  ACC 77.00  (98.2 img/s)
[reneg_tanl/reneg_safe_blind] openood_v15:ninco seed=0  FPR95 5.50  AUROC 98.36  ACC 77.00  (107.9 img/s)
[reneg_tanl/reneg_safe_blind] openood_v15:inaturalist seed=0  FPR95 7.17  AUROC 98.54  ACC 77.00  (92.8 img/s)
[reneg_tanl/reneg_safe_blind] openood_v15:textures seed=0  FPR95 1.50  AUROC 99.65  ACC 77.00  (115.2 img/s)
[reneg_tanl/reneg_safe_blind] openood_v15:openimage_o seed=0  FPR95 27.33  AUROC 91.66  ACC 77.00  (93.7 img/s)
reneg_safe_blind openood_v15: 1.0 min
[reneg_tanl/reneg_safe_blind] four_ood:inaturalist seed=0  FPR95 4.88  AUROC 99.16  ACC 66.62  (80.7 img/s)
[reneg_tanl/reneg_safe_blind] four_ood:sun seed=0  FPR95 14.25  AUROC 97.29  ACC 66.62  (100.1 img/s)
[reneg_tanl/reneg_safe_blind] four_ood:places seed=0  FPR95 27.25  AUROC 93.74  ACC 66.62  (99.3 img/s)
[reneg_tanl/reneg_safe_blind] four_ood:textures_all seed=0  FPR95 0.88  AUROC 99.83  ACC 66.62  (101.1 img/s)
reneg_safe_blind four_ood: 1.0 min
--- cell run OK in 678s
shots found in the 50k set: 300 (expect about 5,000); zero-shot accuracy on them 67.7% (about 70% means the labels line up)
[tanl/tanl] four_ood_45k:inaturalist seed=0  FPR95 3.80  AUROC 98.70  ACC 65.80  (118.5 img/s)
[tanl/tanl] four_ood_45k:sun seed=0  FPR95 18.60  AUROC 96.41  ACC 65.80  (119.9 img/s)
[tanl/tanl] four_ood_45k:places seed=0  FPR95 27.20  AUROC 92.67  ACC 65.80  (125.0 img/s)
[tanl/tanl] four_ood_45k:textures_all seed=0  FPR95 0.80  AUROC 99.79  ACC 65.80  (122.1 img/s)
tanl four_ood_45k: 0.6 min
[reneg_tanl/reneg_max_blind_5shot] openood_v15:ssb_hard seed=0  FPR95 54.50  AUROC 84.66  ACC 77.00  (101.1 img/s)
[reneg_tanl/reneg_max_blind_5shot] openood_v15:ninco seed=0  FPR95 11.33  AUROC 97.84  ACC 77.00  (82.0 img/s)
[reneg_tanl/reneg_max_blind_5shot] openood_v15:inaturalist seed=0  FPR95 9.17  AUROC 98.76  ACC 77.00  (91.2 img/s)
[reneg_tanl/reneg_max_blind_5shot] openood_v15:textures seed=0  FPR95 2.67  AUROC 99.50  ACC 77.00  (102.2 img/s)
[reneg_tanl/reneg_max_blind_5shot] openood_v15:openimage_o seed=0  FPR95 28.33  AUROC 91.00  ACC 77.00  (79.4 img/s)
reneg_max_blind_5shot openood_v15: 1.1 min
[reneg_tanl/reneg_max_blind_5shot] four_ood_45k:inaturalist seed=0  FPR95 5.20  AUROC 98.62  ACC 65.80  (105.9 img/s)
[reneg_tanl/reneg_max_blind_5shot] four_ood_45k:sun seed=0  FPR95 28.00  AUROC 94.21  ACC 65.80  (73.6 img/s)
[reneg_tanl/reneg_max_blind_5shot] four_ood_45k:places seed=0  FPR95 44.20  AUROC 86.97  ACC 65.80  (113.2 img/s)
[reneg_tanl/reneg_max_blind_5shot] four_ood_45k:textures_all seed=0  FPR95 3.20  AUROC 99.31  ACC 65.80  (112.7 img/s)
reneg_max_blind_5shot four_ood_45k: 0.8 min
[reneg_tanl/reneg_balanced_blind_5shot] openood_v15:ssb_hard seed=0  FPR95 64.33  AUROC 83.07  ACC 77.00  (103.4 img/s)
[reneg_tanl/reneg_balanced_blind_5shot] openood_v15:ninco seed=0  FPR95 8.00  AUROC 97.49  ACC 77.00  (102.5 img/s)
[reneg_tanl/reneg_balanced_blind_5shot] openood_v15:inaturalist seed=0  FPR95 9.00  AUROC 97.55  ACC 77.00  (122.7 img/s)
[reneg_tanl/reneg_balanced_blind_5shot] openood_v15:textures seed=0  FPR95 5.50  AUROC 98.66  ACC 77.00  (91.1 img/s)
[reneg_tanl/reneg_balanced_blind_5shot] openood_v15:openimage_o seed=0  FPR95 28.67  AUROC 90.00  ACC 77.00  (92.6 img/s)
reneg_balanced_blind_5shot openood_v15: 1.0 min
[reneg_tanl/reneg_balanced_blind_5shot] four_ood_45k:inaturalist seed=0  FPR95 3.40  AUROC 98.86  ACC 65.80  (81.5 img/s)
[reneg_tanl/reneg_balanced_blind_5shot] four_ood_45k:sun seed=0  FPR95 18.80  AUROC 96.63  ACC 65.80  (112.6 img/s)
[reneg_tanl/reneg_balanced_blind_5shot] four_ood_45k:places seed=0  FPR95 27.20  AUROC 92.81  ACC 65.80  (113.6 img/s)
[reneg_tanl/reneg_balanced_blind_5shot] four_ood_45k:textures_all seed=0  FPR95 0.80  AUROC 99.81  ACC 65.80  (122.2 img/s)
reneg_balanced_blind_5shot four_ood_45k: 0.8 min
--- cell few-shot OK in 255s
ViT-B/16
                    method  four FPR95  four AUROC  far FPR95  far AUROC  near FPR95  near AUROC  4ood_inaturalist  4ood_places  4ood_sun  4ood_textures_all  inaturalist  openimage_o  textures  ninco  ssb_hard  four45 FPR95  four45 AUROC  4ood45_inaturalist  4ood45_places  4ood45_sun  4ood45_textures_all
      reneg_balanced_blind       11.53       97.52      13.61      96.06       36.42       90.63              5.00        25.38     14.75               1.00         9.00        27.33      4.50   6.67     66.17           NaN           NaN                 NaN            NaN         NaN                  NaN
reneg_balanced_blind_5shot         NaN         NaN      14.39      95.40       36.17       90.28               NaN          NaN       NaN                NaN         9.00        28.67      5.50   8.00     64.33         12.55         97.03                 3.4           27.2        18.8                  0.8
       reneg_balanced_full       11.53       97.52      13.67      96.06       36.42       90.66              5.00        25.38     14.75               1.00         9.00        27.50      4.50   6.67     66.17           NaN           NaN                 NaN            NaN         NaN                  NaN
           reneg_max_blind       26.69       93.71      10.17      96.98       35.50       90.45             19.62        39.50     31.88              15.75         9.67        14.83      6.00   8.00     63.00           NaN           NaN                 NaN            NaN         NaN                  NaN
     reneg_max_blind_5shot         NaN         NaN      13.39      96.42       32.92       91.25               NaN          NaN       NaN                NaN         9.17        28.33      2.67  11.33     54.50         20.15         94.78                 5.2           44.2        28.0                  3.2
            reneg_max_full       26.69       93.71      10.06      96.97       35.58       90.51             19.62        39.50     31.88              15.75         9.67        14.50      6.00   8.00     63.17           NaN           NaN                 NaN            NaN         NaN                  NaN
          reneg_safe_blind       11.81       97.50      12.00      96.62       35.75       89.67              4.88        27.25     14.25               0.88         7.17        27.33      1.50   5.50     66.00           NaN           NaN                 NaN            NaN         NaN                  NaN
                      tanl       11.72       97.40      12.78      96.53       35.08       89.34              5.25        25.88     14.50               1.25         6.67        28.67      3.00   5.67     64.50         12.60         96.89                 3.8           27.2        18.6                  0.8

attach these files to the chat:
   /tmp/tmpjd5vx1cw/transfers/g3/g3_runs.csv
   /tmp/tmpjd5vx1cw/transfers/g3/g3_summary.csv
   /tmp/tmpjd5vx1cw/transfers/g3/g3_check.json
finish: {'runs': 76, 'labels': ['reneg_balanced_blind', 'reneg_balanced_blind_5shot', 'reneg_balanced_full', 'reneg_max_blind', 'reneg_max_blind_5shot', 'reneg_max_full', 'reneg_safe_blind', 'tanl'], 'reneg_device': 'cpu', 'backbone': 'ViT-B/16'}
--- cell summary OK in 0s
{
 "reneg_device": "cpu",
 "results": {
  "cpu": {
   "fpr95": 6.667,
   "auroc": 97.902,
   "img_per_s": 87.6,
   "minutes": 0.3
  }
 }
}
