max | ID-5 prior + id=softmax+tanl | inaturalist: 0.15 (TANL on the same images 0.47)
max | ID-5 prior + id=softmax+tanl | sun: 3.88 (TANL on the same images 3.65)
max | ID-5 prior + id=softmax+tanl | places: 23.40 (TANL on the same images 20.97)
max | ID-5 prior + id=softmax+tanl | textures_all: 11.42 (TANL on the same images 14.15)
max | ID-5 prior + id=softmax+tanl | ssb_hard: 54.80 (TANL on the same images 62.41)
max | ID-5 prior + id=softmax+tanl | ninco: 41.52 (TANL on the same images 57.15)
max | ID-5 prior + id=softmax+tanl | inaturalist: 0.15 (TANL on the same images 0.44)
max | ID-5 prior + id=softmax+tanl | textures: 7.84 (TANL on the same images 11.73)
max | ID-5 prior + id=softmax+tanl | openimage_o: 27.02 (TANL on the same images 39.17)
max | ID-5 prior + id=softmax+tanl | inaturalist: 0.17 (TANL on the same images 0.44)
max | ID-5 prior + id=softmax+tanl | sun: 3.83 (TANL on the same images 3.91)
max | ID-5 prior + id=softmax+tanl | places: 24.07 (TANL on the same images 21.65)
max | ID-5 prior + id=softmax+tanl | textures_all: 11.52 (TANL on the same images 14.77)
max | ID-5 prior + id=softmax+tanl | ssb_hard: 54.41 (TANL on the same images 62.75)
max | ID-5 prior + id=softmax+tanl | ninco: 41.92 (TANL on the same images 58.00)
max | ID-5 prior + id=softmax+tanl | inaturalist: 0.14 (TANL on the same images 0.48)
max | ID-5 prior + id=softmax+tanl | textures: 7.67 (TANL on the same images 11.49)
max | ID-5 prior + id=softmax+tanl | openimage_o: 26.58 (TANL on the same images 38.80)
balanced | ID-5 prior + id=softmax+tanl | inaturalist: 0.14 (TANL on the same images 0.47)
balanced | ID-5 prior + id=softmax+tanl | sun: 3.39 (TANL on the same images 3.65)
balanced | ID-5 prior + id=softmax+tanl | places: 20.95 (TANL on the same images 20.97)
balanced | ID-5 prior + id=softmax+tanl | textures_all: 12.85 (TANL on the same images 14.15)
balanced | ID-5 prior + id=softmax+tanl | ssb_hard: 61.82 (TANL on the same images 62.41)
balanced | ID-5 prior + id=softmax+tanl | ninco: 49.29 (TANL on the same images 57.15)
balanced | ID-5 prior + id=softmax+tanl | inaturalist: 0.14 (TANL on the same images 0.44)
balanced | ID-5 prior + id=softmax+tanl | textures: 8.63 (TANL on the same images 11.73)
balanced | ID-5 prior + id=softmax+tanl | openimage_o: 34.00 (TANL on the same images 39.17)
balanced | ID-5 prior + id=softmax+tanl | inaturalist: 0.15 (TANL on the same images 0.44)
balanced | ID-5 prior + id=softmax+tanl | sun: 3.34 (TANL on the same images 3.91)
balanced | ID-5 prior + id=softmax+tanl | places: 20.94 (TANL on the same images 21.65)
balanced | ID-5 prior + id=softmax+tanl | textures_all: 11.93 (TANL on the same images 14.77)
balanced | ID-5 prior + id=softmax+tanl | ssb_hard: 62.03 (TANL on the same images 62.75)
balanced | ID-5 prior + id=softmax+tanl | ninco: 48.55 (TANL on the same images 58.00)
balanced | ID-5 prior + id=softmax+tanl | inaturalist: 0.13 (TANL on the same images 0.48)
balanced | ID-5 prior + id=softmax+tanl | textures: 8.41 (TANL on the same images 11.49)
balanced | ID-5 prior + id=softmax+tanl | openimage_o: 34.33 (TANL on the same images 38.80)
max | ID-5 prior + id=softmax+tanl, blind | inaturalist: 0.16 (TANL on the same images 0.50)
max | ID-5 prior + id=softmax+tanl, blind | sun: 3.87 (TANL on the same images 3.62)
max | ID-5 prior + id=softmax+tanl, blind | places: 22.91 (TANL on the same images 20.71)
max | ID-5 prior + id=softmax+tanl, blind | textures_all: 11.81 (TANL on the same images 15.17)
max | ID-5 prior + id=softmax+tanl, blind | ssb_hard: 57.70 (TANL on the same images 62.52)
max | ID-5 prior + id=softmax+tanl, blind | ninco: 43.33 (TANL on the same images 57.01)
max | ID-5 prior + id=softmax+tanl, blind | inaturalist: 0.15 (TANL on the same images 0.45)
max | ID-5 prior + id=softmax+tanl, blind | textures: 7.78 (TANL on the same images 11.35)
max | ID-5 prior + id=softmax+tanl, blind | openimage_o: 26.60 (TANL on the same images 39.22)
max | ID-5 prior + id=softmax+tanl, blind | inaturalist: 0.15 (TANL on the same images 0.47)
max | ID-5 prior + id=softmax+tanl, blind | sun: 3.88 (TANL on the same images 3.65)
max | ID-5 prior + id=softmax+tanl, blind | places: 23.63 (TANL on the same images 20.97)
max | ID-5 prior + id=softmax+tanl, blind | textures_all: 11.40 (TANL on the same images 14.15)
max | ID-5 prior + id=softmax+tanl, blind | ssb_hard: 57.56 (TANL on the same images 62.41)
max | ID-5 prior + id=softmax+tanl, blind | ninco: 42.53 (TANL on the same images 57.15)
max | ID-5 prior + id=softmax+tanl, blind | inaturalist: 0.15 (TANL on the same images 0.44)
max | ID-5 prior + id=softmax+tanl, blind | textures: 7.76 (TANL on the same images 11.73)
max | ID-5 prior + id=softmax+tanl, blind | openimage_o: 27.02 (TANL on the same images 39.17)
max | ID-5 prior + id=softmax+tanl, blind | inaturalist: 0.16 (TANL on the same images 0.44)
max | ID-5 prior + id=softmax+tanl, blind | sun: 3.80 (TANL on the same images 3.91)
max | ID-5 prior + id=softmax+tanl, blind | places: 23.98 (TANL on the same images 21.65)
max | ID-5 prior + id=softmax+tanl, blind | textures_all: 11.49 (TANL on the same images 14.77)
max | ID-5 prior + id=softmax+tanl, blind | ssb_hard: 56.80 (TANL on the same images 62.75)
max | ID-5 prior + id=softmax+tanl, blind | ninco: 42.62 (TANL on the same images 58.00)
max | ID-5 prior + id=softmax+tanl, blind | inaturalist: 0.13 (TANL on the same images 0.48)
max | ID-5 prior + id=softmax+tanl, blind | textures: 7.63 (TANL on the same images 11.49)
max | ID-5 prior + id=softmax+tanl, blind | openimage_o: 26.72 (TANL on the same images 38.80)
balanced | no prior (eval set) | inaturalist: 0.30 (TANL on the same images 0.47)
balanced | no prior (eval set) | sun: 3.98 (TANL on the same images 3.65)
balanced | no prior (eval set) | places: 21.72 (TANL on the same images 20.97)
balanced | no prior (eval set) | textures_all: 15.01 (TANL on the same images 14.15)
balanced | no prior (eval set) | ssb_hard: 62.01 (TANL on the same images 62.41)
balanced | no prior (eval set) | ninco: 50.35 (TANL on the same images 57.15)
balanced | no prior (eval set) | inaturalist: 0.28 (TANL on the same images 0.44)
balanced | no prior (eval set) | textures: 11.51 (TANL on the same images 11.73)
balanced | no prior (eval set) | openimage_o: 33.92 (TANL on the same images 39.17)
balanced | no prior (eval set) | inaturalist: 0.29 (TANL on the same images 0.44)
balanced | no prior (eval set) | sun: 4.13 (TANL on the same images 3.91)
balanced | no prior (eval set) | places: 22.07 (TANL on the same images 21.65)
balanced | no prior (eval set) | textures_all: 15.22 (TANL on the same images 14.77)
balanced | no prior (eval set) | ssb_hard: 62.24 (TANL on the same images 62.75)
balanced | no prior (eval set) | ninco: 50.25 (TANL on the same images 58.00)
balanced | no prior (eval set) | inaturalist: 0.30 (TANL on the same images 0.48)
balanced | no prior (eval set) | textures: 11.33 (TANL on the same images 11.49)
balanced | no prior (eval set) | openimage_o: 33.99 (TANL on the same images 38.80)
PLAN8_DONE
