max | oracle decontam (agreed admission minus OOD) | places: 22.47 (TANL on the same images 20.71)
max | oracle decontam (agreed admission minus OOD) | textures_all: 12.76 (TANL on the same images 15.17)
max | oracle decontam (agreed admission minus OOD) | sun: 3.54 (TANL on the same images 3.62)
max | oracle decontam (agreed admission minus OOD) | ninco: 35.48 (TANL on the same images 57.01)
max | oracle decontam (agreed admission minus OOD) | ssb_hard: 49.75 (TANL on the same images 62.52)
max | oracle decontam (agreed admission minus OOD) | textures: 9.33 (TANL on the same images 11.35)
max | oracle decontam (agreed admission minus OOD) | openimage_o: 27.04 (TANL on the same images 39.22)
max | oracle coverage (agreed admission plus all ID) | places: 21.97 (TANL on the same images 20.71)
max | oracle coverage (agreed admission plus all ID) | textures_all: 11.84 (TANL on the same images 15.17)
max | oracle coverage (agreed admission plus all ID) | sun: 3.32 (TANL on the same images 3.62)
max | oracle coverage (agreed admission plus all ID) | ninco: 42.15 (TANL on the same images 57.01)
max | oracle coverage (agreed admission plus all ID) | ssb_hard: 55.22 (TANL on the same images 62.52)
max | oracle coverage (agreed admission plus all ID) | textures: 7.93 (TANL on the same images 11.35)
max | oracle coverage (agreed admission plus all ID) | openimage_o: 27.84 (TANL on the same images 39.22)
balanced | oracle decontam (agreed admission minus OOD) | places: 20.84 (TANL on the same images 20.71)
balanced | oracle decontam (agreed admission minus OOD) | textures_all: 12.37 (TANL on the same images 15.17)
balanced | oracle decontam (agreed admission minus OOD) | sun: 3.17 (TANL on the same images 3.62)
balanced | oracle decontam (agreed admission minus OOD) | ninco: 42.30 (TANL on the same images 57.01)
balanced | oracle decontam (agreed admission minus OOD) | ssb_hard: 59.44 (TANL on the same images 62.52)
balanced | oracle decontam (agreed admission minus OOD) | textures: 9.08 (TANL on the same images 11.35)
balanced | oracle decontam (agreed admission minus OOD) | openimage_o: 33.30 (TANL on the same images 39.22)
balanced | oracle coverage (agreed admission plus all ID) | places: 20.71 (TANL on the same images 20.71)
balanced | oracle coverage (agreed admission plus all ID) | textures_all: 12.80 (TANL on the same images 15.17)
balanced | oracle coverage (agreed admission plus all ID) | sun: 2.94 (TANL on the same images 3.62)
balanced | oracle coverage (agreed admission plus all ID) | ninco: 49.52 (TANL on the same images 57.01)
balanced | oracle coverage (agreed admission plus all ID) | ssb_hard: 61.88 (TANL on the same images 62.52)
balanced | oracle coverage (agreed admission plus all ID) | textures: 8.55 (TANL on the same images 11.35)
balanced | oracle coverage (agreed admission plus all ID) | openimage_o: 34.94 (TANL on the same images 39.22)
PLAN7_DONE
