max | oracle purity (true ID only, CLIP label) | places: 20.97 (TANL on the same images 20.71)
max | oracle purity (true ID only, CLIP label) | textures_all: 10.42 (TANL on the same images 15.17)
max | oracle purity (true ID only, CLIP label) | sun: 3.16 (TANL on the same images 3.62)
max | oracle purity (true ID only, CLIP label) | ninco: 33.77 (TANL on the same images 57.01)
max | oracle purity (true ID only, CLIP label) | ssb_hard: 48.17 (TANL on the same images 62.52)
max | oracle purity (true ID only, CLIP label) | textures: 7.55 (TANL on the same images 11.35)
max | oracle purity (true ID only, CLIP label) | openimage_o: 27.10 (TANL on the same images 39.22)
max | oracle label (realistic admission, true label) | places: 24.46 (TANL on the same images 20.71)
max | oracle label (realistic admission, true label) | textures_all: 17.69 (TANL on the same images 15.17)
max | oracle label (realistic admission, true label) | sun: 5.41 (TANL on the same images 3.62)
max | oracle label (realistic admission, true label) | ninco: 44.70 (TANL on the same images 57.01)
max | oracle label (realistic admission, true label) | ssb_hard: 56.83 (TANL on the same images 62.52)
max | oracle label (realistic admission, true label) | textures: 11.75 (TANL on the same images 11.35)
max | oracle label (realistic admission, true label) | openimage_o: 28.21 (TANL on the same images 39.22)
balanced | oracle purity (true ID only, CLIP label) | places: 20.35 (TANL on the same images 20.71)
balanced | oracle purity (true ID only, CLIP label) | textures_all: 12.09 (TANL on the same images 15.17)
balanced | oracle purity (true ID only, CLIP label) | sun: 2.84 (TANL on the same images 3.62)
balanced | oracle purity (true ID only, CLIP label) | ninco: 43.36 (TANL on the same images 57.01)
balanced | oracle purity (true ID only, CLIP label) | ssb_hard: 59.43 (TANL on the same images 62.52)
balanced | oracle purity (true ID only, CLIP label) | textures: 8.36 (TANL on the same images 11.35)
balanced | oracle purity (true ID only, CLIP label) | openimage_o: 34.42 (TANL on the same images 39.22)
balanced | oracle label (realistic admission, true label) | places: 21.09 (TANL on the same images 20.71)
balanced | oracle label (realistic admission, true label) | textures_all: 15.45 (TANL on the same images 15.17)
balanced | oracle label (realistic admission, true label) | sun: 3.71 (TANL on the same images 3.62)
balanced | oracle label (realistic admission, true label) | ninco: 51.10 (TANL on the same images 57.01)
balanced | oracle label (realistic admission, true label) | ssb_hard: 62.05 (TANL on the same images 62.52)
balanced | oracle label (realistic admission, true label) | textures: 10.53 (TANL on the same images 11.35)
balanced | oracle label (realistic admission, true label) | openimage_o: 34.03 (TANL on the same images 39.22)
max | ID-5 prior + id=softmax+tanl | inaturalist: 0.16 (TANL on the same images 0.50)
max | ID-5 prior + id=softmax+tanl | sun: 3.90 (TANL on the same images 3.62)
max | ID-5 prior + id=softmax+tanl | places: 22.87 (TANL on the same images 20.71)
max | ID-5 prior + id=softmax+tanl | textures_all: 12.11 (TANL on the same images 15.17)
max | ID-5 prior + id=softmax+tanl | ssb_hard: 55.11 (TANL on the same images 62.52)
max | ID-5 prior + id=softmax+tanl | ninco: 41.86 (TANL on the same images 57.01)
max | ID-5 prior + id=softmax+tanl | inaturalist: 0.15 (TANL on the same images 0.45)
max | ID-5 prior + id=softmax+tanl | textures: 7.88 (TANL on the same images 11.35)
max | ID-5 prior + id=softmax+tanl | openimage_o: 26.72 (TANL on the same images 39.22)
balanced | ID-5 prior + id=softmax+tanl | inaturalist: 0.16 (TANL on the same images 0.50)
balanced | ID-5 prior + id=softmax+tanl | sun: 3.36 (TANL on the same images 3.62)
balanced | ID-5 prior + id=softmax+tanl | places: 20.88 (TANL on the same images 20.71)
balanced | ID-5 prior + id=softmax+tanl | textures_all: 13.08 (TANL on the same images 15.17)
balanced | ID-5 prior + id=softmax+tanl | ssb_hard: 61.88 (TANL on the same images 62.52)
balanced | ID-5 prior + id=softmax+tanl | ninco: 49.85 (TANL on the same images 57.01)
balanced | ID-5 prior + id=softmax+tanl | inaturalist: 0.16 (TANL on the same images 0.45)
balanced | ID-5 prior + id=softmax+tanl | textures: 8.47 (TANL on the same images 11.35)
balanced | ID-5 prior + id=softmax+tanl | openimage_o: 34.56 (TANL on the same images 39.22)
safe | ID-5 prior + id=softmax+tanl | inaturalist: 0.29 (TANL on the same images 0.50)
safe | ID-5 prior + id=softmax+tanl | sun: 3.45 (TANL on the same images 3.62)
safe | ID-5 prior + id=softmax+tanl | places: 20.53 (TANL on the same images 20.71)
safe | ID-5 prior + id=softmax+tanl | textures_all: 14.90 (TANL on the same images 15.17)
safe | ID-5 prior + id=softmax+tanl | ssb_hard: 62.26 (TANL on the same images 62.52)
safe | ID-5 prior + id=softmax+tanl | ninco: 54.17 (TANL on the same images 57.01)
safe | ID-5 prior + id=softmax+tanl | inaturalist: 0.25 (TANL on the same images 0.45)
safe | ID-5 prior + id=softmax+tanl | textures: 10.90 (TANL on the same images 11.35)
safe | ID-5 prior + id=softmax+tanl | openimage_o: 38.08 (TANL on the same images 39.22)
PLAN6_DONE
