balanced | no prior | inaturalist: 0.32 (TANL on the same images 0.50)
balanced | no prior | sun: 3.98 (TANL on the same images 3.62)
balanced | no prior | places: 21.44 (TANL on the same images 20.71)
balanced | no prior | textures_all: 15.58 (TANL on the same images 15.17)
balanced | no prior | ssb_hard: 62.10 (TANL on the same images 62.52)
balanced | no prior | ninco: 51.01 (TANL on the same images 57.01)
balanced | no prior | inaturalist: 0.28 (TANL on the same images 0.45)
balanced | no prior | textures: 11.13 (TANL on the same images 11.35)
balanced | no prior | openimage_o: 34.47 (TANL on the same images 39.22)
balanced | ID-5 prior | inaturalist: 0.24 (TANL on the same images 0.50)
balanced | ID-5 prior | sun: 3.57 (TANL on the same images 3.62)
balanced | ID-5 prior | places: 20.96 (TANL on the same images 20.71)
balanced | ID-5 prior | textures_all: 14.25 (TANL on the same images 15.17)
balanced | ID-5 prior | ssb_hard: 61.92 (TANL on the same images 62.52)
balanced | ID-5 prior | ninco: 49.89 (TANL on the same images 57.01)
balanced | ID-5 prior | inaturalist: 0.23 (TANL on the same images 0.45)
balanced | ID-5 prior | textures: 10.09 (TANL on the same images 11.35)
balanced | ID-5 prior | openimage_o: 34.70 (TANL on the same images 39.22)
balanced | ID-5 prior + proto=vote + id=softmax+tanl | inaturalist: 0.17 (TANL on the same images 0.50)
balanced | ID-5 prior + proto=vote + id=softmax+tanl | sun: 3.34 (TANL on the same images 3.62)
balanced | ID-5 prior + proto=vote + id=softmax+tanl | places: 20.77 (TANL on the same images 20.71)
balanced | ID-5 prior + proto=vote + id=softmax+tanl | textures_all: 12.85 (TANL on the same images 15.17)
balanced | ID-5 prior + proto=vote + id=softmax+tanl | ssb_hard: 62.15 (TANL on the same images 62.52)
balanced | ID-5 prior + proto=vote + id=softmax+tanl | ninco: 51.01 (TANL on the same images 57.01)
balanced | ID-5 prior + proto=vote + id=softmax+tanl | inaturalist: 0.16 (TANL on the same images 0.45)
balanced | ID-5 prior + proto=vote + id=softmax+tanl | textures: 8.40 (TANL on the same images 11.35)
balanced | ID-5 prior + proto=vote + id=softmax+tanl | openimage_o: 36.87 (TANL on the same images 39.22)
balanced | oracle ID model (true labels) | inaturalist: 0.11 (TANL on the same images 0.50)
balanced | oracle ID model (true labels) | sun: 2.74 (TANL on the same images 3.62)
balanced | oracle ID model (true labels) | places: 19.98 (TANL on the same images 20.71)
balanced | oracle ID model (true labels) | textures_all: 11.38 (TANL on the same images 15.17)
balanced | oracle ID model (true labels) | ssb_hard: 59.12 (TANL on the same images 62.52)
balanced | oracle ID model (true labels) | ninco: 42.65 (TANL on the same images 57.01)
balanced | oracle ID model (true labels) | inaturalist: 0.12 (TANL on the same images 0.45)
balanced | oracle ID model (true labels) | textures: 7.70 (TANL on the same images 11.35)
balanced | oracle ID model (true labels) | openimage_o: 34.13 (TANL on the same images 39.22)
max | no prior | inaturalist: 0.39 (TANL on the same images 0.50)
max | no prior | sun: 5.81 (TANL on the same images 3.62)
max | no prior | places: 25.36 (TANL on the same images 20.71)
max | no prior | textures_all: 18.60 (TANL on the same images 15.17)
max | no prior | ssb_hard: 57.05 (TANL on the same images 62.52)
max | no prior | ninco: 45.08 (TANL on the same images 57.01)
max | no prior | inaturalist: 0.42 (TANL on the same images 0.45)
max | no prior | textures: 12.99 (TANL on the same images 11.35)
max | no prior | openimage_o: 28.91 (TANL on the same images 39.22)
max | ID-5 prior | inaturalist: 0.25 (TANL on the same images 0.50)
max | ID-5 prior | sun: 4.80 (TANL on the same images 3.62)
max | ID-5 prior | places: 24.01 (TANL on the same images 20.71)
max | ID-5 prior | textures_all: 14.88 (TANL on the same images 15.17)
max | ID-5 prior | ssb_hard: 55.22 (TANL on the same images 62.52)
max | ID-5 prior | ninco: 41.95 (TANL on the same images 57.01)
max | ID-5 prior | inaturalist: 0.24 (TANL on the same images 0.45)
max | ID-5 prior | textures: 9.98 (TANL on the same images 11.35)
max | ID-5 prior | openimage_o: 27.05 (TANL on the same images 39.22)
max | oracle ID model (true labels) | inaturalist: 0.13 (TANL on the same images 0.50)
max | oracle ID model (true labels) | sun: 3.01 (TANL on the same images 3.62)
max | oracle ID model (true labels) | places: 19.72 (TANL on the same images 20.71)
max | oracle ID model (true labels) | textures_all: 9.17 (TANL on the same images 15.17)
max | oracle ID model (true labels) | ssb_hard: 47.27 (TANL on the same images 62.52)
max | oracle ID model (true labels) | ninco: 31.72 (TANL on the same images 57.01)
max | oracle ID model (true labels) | inaturalist: 0.13 (TANL on the same images 0.45)
max | oracle ID model (true labels) | textures: 6.37 (TANL on the same images 11.35)
max | oracle ID model (true labels) | openimage_o: 26.23 (TANL on the same images 39.22)
IDPRIOR_DONE
