balanced (clipped penalty + vote) seed 0 ssb_hard: 62.10 (TANL 62.52)
balanced (clipped penalty + vote) seed 0 ninco: 51.01 (TANL 57.01)
balanced (clipped penalty + vote) seed 0 inaturalist: 0.28 (TANL 0.45)
balanced (clipped penalty + vote) seed 0 textures: 11.13 (TANL 11.35)
balanced (clipped penalty + vote) seed 0 openimage_o: 34.47 (TANL 39.22)
balanced (clipped penalty + vote) seed 0 inaturalist: 0.31 (TANL 0.48)
balanced (clipped penalty + vote) seed 0 sun: 3.97 (TANL 3.60)
balanced (clipped penalty + vote) seed 0 places: 21.39 (TANL 20.67)
balanced (clipped penalty + vote) seed 0 textures_all: 15.57 (TANL 15.13)
balanced (clipped penalty + vote) seed 1 ssb_hard: 62.01 (TANL 62.41)
balanced (clipped penalty + vote) seed 1 ninco: 50.35 (TANL 57.15)
balanced (clipped penalty + vote) seed 1 inaturalist: 0.28 (TANL 0.44)
balanced (clipped penalty + vote) seed 1 textures: 11.51 (TANL 11.73)
balanced (clipped penalty + vote) seed 1 openimage_o: 33.92 (TANL 39.17)
no trace yet: inaturalist seed 1 (imagenet_val_all)
no trace yet: sun seed 1 (imagenet_val_all)
no trace yet: places seed 1 (imagenet_val_all)
no trace yet: textures_all seed 1 (imagenet_val_all)
no trace yet: ssb_hard seed 2 (imagenet_test)
no trace yet: ninco seed 2 (imagenet_test)
no trace yet: inaturalist seed 2 (imagenet_test)
no trace yet: textures seed 2 (imagenet_test)
no trace yet: openimage_o seed 2 (imagenet_test)
no trace yet: inaturalist seed 2 (imagenet_val_all)
no trace yet: sun seed 2 (imagenet_val_all)
no trace yet: places seed 2 (imagenet_val_all)
no trace yet: textures_all seed 2 (imagenet_val_all)
balanced (clipped penalty + vote) seed 1 inaturalist: 0.30 (TANL 0.46)
balanced (clipped penalty + vote) seed 1 sun: 3.97 (TANL 3.62)
balanced (clipped penalty + vote) seed 1 places: 21.68 (TANL 20.95)
balanced (clipped penalty + vote) seed 1 textures_all: 14.99 (TANL 14.14)
balanced (clipped penalty + vote) seed 2 ssb_hard: 62.24 (TANL 62.75)
balanced (clipped penalty + vote) seed 2 ninco: 50.25 (TANL 58.00)
balanced (clipped penalty + vote) seed 2 inaturalist: 0.30 (TANL 0.48)
balanced (clipped penalty + vote) seed 2 textures: 11.33 (TANL 11.49)
balanced (clipped penalty + vote) seed 2 openimage_o: 33.99 (TANL 38.80)
balanced (clipped penalty + vote) seed 2 inaturalist: 0.28 (TANL 0.43)
balanced (clipped penalty + vote) seed 2 sun: 4.14 (TANL 3.88)
balanced (clipped penalty + vote) seed 2 places: 22.06 (TANL 21.65)
balanced (clipped penalty + vote) seed 2 textures_all: 15.21 (TANL 14.74)
max (plain image score) seed 0 ssb_hard: 57.05 (TANL 62.52)
max (plain image score) seed 0 ninco: 45.08 (TANL 57.01)
max (plain image score) seed 0 inaturalist: 0.42 (TANL 0.45)
max (plain image score) seed 0 textures: 12.99 (TANL 11.35)
max (plain image score) seed 0 openimage_o: 28.91 (TANL 39.22)
max (plain image score) seed 0 inaturalist: 0.40 (TANL 0.48)
max (plain image score) seed 0 sun: 5.80 (TANL 3.60)
max (plain image score) seed 0 places: 25.31 (TANL 20.67)
max (plain image score) seed 0 textures_all: 18.56 (TANL 15.13)
max (plain image score) seed 1 ssb_hard: 57.03 (TANL 62.41)
max (plain image score) seed 1 ninco: 45.15 (TANL 57.15)
max (plain image score) seed 1 inaturalist: 0.40 (TANL 0.44)
max (plain image score) seed 1 textures: 13.49 (TANL 11.73)
max (plain image score) seed 1 openimage_o: 28.22 (TANL 39.17)
max (plain image score) seed 1 inaturalist: 0.43 (TANL 0.46)
max (plain image score) seed 1 sun: 6.07 (TANL 3.62)
max (plain image score) seed 1 places: 25.45 (TANL 20.95)
max (plain image score) seed 1 textures_all: 17.20 (TANL 14.14)
max (plain image score) seed 2 ssb_hard: 56.76 (TANL 62.75)
max (plain image score) seed 2 ninco: 45.11 (TANL 58.00)
max (plain image score) seed 2 inaturalist: 0.45 (TANL 0.48)
max (plain image score) seed 2 textures: 13.44 (TANL 11.49)
max (plain image score) seed 2 openimage_o: 28.36 (TANL 38.80)
max (plain image score) seed 2 inaturalist: 0.41 (TANL 0.43)
max (plain image score) seed 2 sun: 6.21 (TANL 3.88)
max (plain image score) seed 2 places: 25.12 (TANL 21.65)
max (plain image score) seed 2 textures_all: 17.52 (TANL 14.74)
safe (penalty on KG-caught images + vote) seed 0 ssb_hard: 62.32 (TANL 62.52)
safe (penalty on KG-caught images + vote) seed 0 ninco: 54.86 (TANL 57.01)
safe (penalty on KG-caught images + vote) seed 0 inaturalist: 0.27 (TANL 0.45)
safe (penalty on KG-caught images + vote) seed 0 textures: 11.52 (TANL 11.35)
safe (penalty on KG-caught images + vote) seed 0 openimage_o: 37.70 (TANL 39.22)
safe (penalty on KG-caught images + vote) seed 0 inaturalist: 0.33 (TANL 0.48)
safe (penalty on KG-caught images + vote) seed 0 sun: 3.53 (TANL 3.60)
safe (penalty on KG-caught images + vote) seed 0 places: 20.74 (TANL 20.67)
safe (penalty on KG-caught images + vote) seed 0 textures_all: 15.44 (TANL 15.13)
safe (penalty on KG-caught images + vote) seed 1 ssb_hard: 62.33 (TANL 62.41)
safe (penalty on KG-caught images + vote) seed 1 ninco: 54.13 (TANL 57.15)
safe (penalty on KG-caught images + vote) seed 1 inaturalist: 0.27 (TANL 0.44)
safe (penalty on KG-caught images + vote) seed 1 textures: 11.47 (TANL 11.73)
safe (penalty on KG-caught images + vote) seed 1 openimage_o: 37.18 (TANL 39.17)
safe (penalty on KG-caught images + vote) seed 1 inaturalist: 0.29 (TANL 0.46)
safe (penalty on KG-caught images + vote) seed 1 sun: 3.49 (TANL 3.62)
safe (penalty on KG-caught images + vote) seed 1 places: 21.24 (TANL 20.95)
safe (penalty on KG-caught images + vote) seed 1 textures_all: 14.82 (TANL 14.14)
safe (penalty on KG-caught images + vote) seed 2 ssb_hard: 62.60 (TANL 62.75)
safe (penalty on KG-caught images + vote) seed 2 ninco: 52.90 (TANL 58.00)
safe (penalty on KG-caught images + vote) seed 2 inaturalist: 0.29 (TANL 0.48)
safe (penalty on KG-caught images + vote) seed 2 textures: 11.42 (TANL 11.49)
safe (penalty on KG-caught images + vote) seed 2 openimage_o: 37.17 (TANL 38.80)
safe (penalty on KG-caught images + vote) seed 2 inaturalist: 0.28 (TANL 0.43)
safe (penalty on KG-caught images + vote) seed 2 sun: 3.79 (TANL 3.88)
safe (penalty on KG-caught images + vote) seed 2 places: 21.84 (TANL 21.65)
safe (penalty on KG-caught images + vote) seed 2 textures_all: 14.89 (TANL 14.74)
balanced (clipped penalty + vote), blind seed 0 ssb_hard: 62.31 (TANL 62.52)
balanced (clipped penalty + vote), blind seed 0 ninco: 51.66 (TANL 57.01)
balanced (clipped penalty + vote), blind seed 0 inaturalist: 0.28 (TANL 0.45)
balanced (clipped penalty + vote), blind seed 0 textures: 10.59 (TANL 11.35)
balanced (clipped penalty + vote), blind seed 0 openimage_o: 34.35 (TANL 39.22)
balanced (clipped penalty + vote), blind seed 0 inaturalist: 0.31 (TANL 0.48)
balanced (clipped penalty + vote), blind seed 0 sun: 3.94 (TANL 3.60)
balanced (clipped penalty + vote), blind seed 0 places: 21.34 (TANL 20.67)
balanced (clipped penalty + vote), blind seed 0 textures_all: 15.46 (TANL 15.13)
max (plain image score), blind seed 0 ssb_hard: 59.66 (TANL 62.52)
max (plain image score), blind seed 0 ninco: 46.27 (TANL 57.01)
max (plain image score), blind seed 0 inaturalist: 0.43 (TANL 0.45)
max (plain image score), blind seed 0 textures: 12.53 (TANL 11.35)
max (plain image score), blind seed 0 openimage_o: 28.78 (TANL 39.22)
max (plain image score), blind seed 0 inaturalist: 0.40 (TANL 0.48)
max (plain image score), blind seed 0 sun: 5.82 (TANL 3.60)
max (plain image score), blind seed 0 places: 25.26 (TANL 20.67)
max (plain image score), blind seed 0 textures_all: 18.48 (TANL 15.13)
DONE
balanced (clipped penalty + vote), blind seed 1 ssb_hard: 62.27 (TANL 62.41)
balanced (clipped penalty + vote), blind seed 1 ninco: 50.62 (TANL 57.15)
balanced (clipped penalty + vote), blind seed 1 inaturalist: 0.28 (TANL 0.44)
balanced (clipped penalty + vote), blind seed 1 textures: 11.39 (TANL 11.73)
balanced (clipped penalty + vote), blind seed 1 openimage_o: 33.94 (TANL 39.17)
balanced (clipped penalty + vote), blind seed 1 inaturalist: 0.28 (TANL 0.46)
balanced (clipped penalty + vote), blind seed 1 sun: 3.95 (TANL 3.62)
balanced (clipped penalty + vote), blind seed 1 places: 21.59 (TANL 20.95)
balanced (clipped penalty + vote), blind seed 1 textures_all: 14.96 (TANL 14.14)
balanced (clipped penalty + vote), blind seed 2 ssb_hard: 62.48 (TANL 62.75)
balanced (clipped penalty + vote), blind seed 2 ninco: 50.54 (TANL 58.00)
balanced (clipped penalty + vote), blind seed 2 inaturalist: 0.29 (TANL 0.48)
balanced (clipped penalty + vote), blind seed 2 textures: 11.31 (TANL 11.49)
balanced (clipped penalty + vote), blind seed 2 openimage_o: 34.15 (TANL 38.80)
balanced (clipped penalty + vote), blind seed 2 inaturalist: 0.27 (TANL 0.43)
balanced (clipped penalty + vote), blind seed 2 sun: 4.08 (TANL 3.88)
balanced (clipped penalty + vote), blind seed 2 places: 22.07 (TANL 21.65)
balanced (clipped penalty + vote), blind seed 2 textures_all: 15.32 (TANL 14.74)
max (plain image score), blind seed 1 ssb_hard: 59.38 (TANL 62.41)
max (plain image score), blind seed 1 ninco: 46.20 (TANL 57.15)
max (plain image score), blind seed 1 inaturalist: 0.41 (TANL 0.44)
max (plain image score), blind seed 1 textures: 13.37 (TANL 11.73)
max (plain image score), blind seed 1 openimage_o: 28.08 (TANL 39.17)
max (plain image score), blind seed 1 inaturalist: 0.44 (TANL 0.46)
max (plain image score), blind seed 1 sun: 6.18 (TANL 3.62)
max (plain image score), blind seed 1 places: 25.70 (TANL 20.95)
max (plain image score), blind seed 1 textures_all: 17.11 (TANL 14.14)
max (plain image score), blind seed 2 ssb_hard: 59.14 (TANL 62.75)
max (plain image score), blind seed 2 ninco: 45.97 (TANL 58.00)
max (plain image score), blind seed 2 inaturalist: 0.44 (TANL 0.48)
max (plain image score), blind seed 2 textures: 13.39 (TANL 11.49)
max (plain image score), blind seed 2 openimage_o: 28.31 (TANL 38.80)
max (plain image score), blind seed 2 inaturalist: 0.40 (TANL 0.43)
max (plain image score), blind seed 2 sun: 6.18 (TANL 3.88)
max (plain image score), blind seed 2 places: 25.10 (TANL 21.65)
max (plain image score), blind seed 2 textures_all: 17.55 (TANL 14.74)
BLIND_DONE
